{
  _type: 'element',
  tags: null,
  links: null,
  _stage: 'layouted',
  sourcePath: 'main.c4',
  description: null,
  title: 'System Context - Retail Platform with Agentic AI',
  id: 'systemContext',
  autoLayout: {
    direction: 'LR',
  },
  hash: 'w7RTPq_67eL7DB94yiC8dQheW5fzza_wqs0MKvT94bQ',
  bounds: {
    x: 137,
    y: 203,
    width: 1799,
    height: 1236,
  },
  nodes: [
    {
      id: 'customer',
      parent: null,
      level: 0,
      children: [],
      inEdges: [],
      outEdges: [
        '1r2rxli',
      ],
      title: 'Customer',
      modelRef: 'customer',
      shape: 'person',
      color: 'personColor',
      style: {
        opacity: 15,
        size: 'md',
      },
      description: {
        txt: 'A web user who interacts with the retail store via a browser.',
      },
      tags: [],
      kind: 'actor',
      x: 157,
      y: 551,
      width: 337,
      height: 180,
      labelBBox: {
        x: 18,
        y: 54,
        width: 302,
        height: 63,
      },
      navigateTo: null,
      links: null,
    },
    {
      id: 'employee',
      parent: null,
      level: 0,
      children: [],
      inEdges: [],
      outEdges: [
        '14uox4g',
      ],
      title: 'Employee',
      modelRef: 'employee',
      shape: 'person',
      color: 'personColor',
      style: {
        opacity: 15,
        size: 'md',
      },
      description: {
        txt: 'An internal staff member overseeing operations and AI agent actions.',
      },
      tags: [],
      kind: 'actor',
      x: 166,
      y: 865,
      width: 319,
      height: 180,
      labelBBox: {
        x: 21,
        y: 54,
        width: 279,
        height: 63,
      },
      navigateTo: null,
      links: null,
    },
    {
      id: 'cloudRun',
      parent: null,
      level: 0,
      children: [],
      inEdges: [
        '1r2rxli',
        '14uox4g',
      ],
      outEdges: [
        'qu5fmi',
        'v0otef',
        '1e3dxgs',
        '1e3dxgv',
      ],
      title: 'GCP Cloud Run',
      modelRef: 'cloudRun',
      shape: 'rectangle',
      color: 'gcpBlue',
      icon: 'gcp:cloud-run',
      style: {
        opacity: 15,
        size: 'md',
      },
      description: {
        txt: 'Microservices-based retail platform powered by Agentic AI.',
      },
      tags: [],
      technology: 'Cloud Run',
      kind: 'gcp-cloud-run',
      navigateTo: 'containers',
      x: 810,
      y: 725,
      width: 388,
      height: 180,
      labelBBox: {
        x: 46,
        y: 45,
        width: 327,
        height: 81,
      },
      links: null,
    },
    {
      id: 'cloudStorage',
      parent: null,
      level: 0,
      children: [],
      inEdges: [
        'qu5fmi',
      ],
      outEdges: [],
      title: 'GCP Cloud Storage',
      modelRef: 'cloudStorage',
      shape: 'bucket',
      color: 'gcpBlue',
      icon: 'gcp:cloud-storage',
      style: {
        opacity: 15,
        size: 'md',
      },
      description: {
        txt: 'Object storage bucket for media, documents, and AI artifacts.',
      },
      tags: [],
      technology: 'Cloud Storage',
      kind: 'gcp-bucket',
      x: 1536,
      y: 223,
      width: 371,
      height: 180,
      labelBBox: {
        x: 46,
        y: 45,
        width: 310,
        height: 81,
      },
      navigateTo: null,
      links: null,
    },
    {
      id: 'secretManager',
      parent: null,
      level: 0,
      children: [],
      inEdges: [
        'v0otef',
      ],
      outEdges: [],
      title: 'GCP Secret Manager',
      modelRef: 'secretManager',
      shape: 'document',
      color: 'gcpBlue',
      icon: 'gcp:secret-manager',
      style: {
        opacity: 15,
        size: 'md',
      },
      description: {
        txt: 'Stores credentials, database passwords, and AI API keys.',
      },
      tags: [],
      technology: 'Secret Manager',
      kind: 'gcp-secret-manager',
      x: 1553,
      y: 561,
      width: 337,
      height: 180,
      labelBBox: {
        x: 45,
        y: 45,
        width: 277,
        height: 81,
      },
      navigateTo: null,
      links: null,
    },
    {
      id: 'cloudSqlA',
      parent: null,
      level: 0,
      children: [],
      inEdges: [
        '1e3dxgs',
      ],
      outEdges: [],
      title: 'Core DB',
      modelRef: 'cloudSqlA',
      shape: 'cylinder',
      color: 'gcpBlue',
      icon: 'gcp:cloud-sql',
      style: {
        opacity: 15,
        size: 'md',
      },
      description: {
        txt: 'Relational database for orders, products, and user accounts.',
      },
      tags: [],
      technology: 'Cloud Sql',
      kind: 'gcp-cloud-sql',
      x: 1544,
      y: 900,
      width: 354,
      height: 180,
      labelBBox: {
        x: 45,
        y: 45,
        width: 293,
        height: 81,
      },
      navigateTo: null,
      links: null,
    },
    {
      id: 'cloudSqlB',
      parent: null,
      level: 0,
      children: [],
      inEdges: [
        '1e3dxgv',
      ],
      outEdges: [],
      title: 'Agent DB',
      modelRef: 'cloudSqlB',
      shape: 'cylinder',
      color: 'gcpBlue',
      icon: 'gcp:cloud-sql',
      style: {
        opacity: 15,
        size: 'md',
      },
      description: {
        txt: 'Relational database for agent logs, workflows, memory, and task state.',
      },
      tags: [],
      technology: 'Cloud Sql',
      kind: 'gcp-cloud-sql',
      x: 1527,
      y: 1239,
      width: 389,
      height: 180,
      labelBBox: {
        x: 46,
        y: 45,
        width: 328,
        height: 81,
      },
      navigateTo: null,
      links: null,
    },
  ],
  edges: [
    {
      id: 'qu5fmi',
      parent: null,
      source: 'cloudRun',
      target: 'cloudStorage',
      label: '[...]',
      relations: [
        '1g2vouy',
        '11nnck6',
      ],
      color: 'gray',
      line: 'dashed',
      head: 'normal',
      points: [
        [
          849,
          725,
        ],
        [
          817,
          706,
        ],
        [
          782,
          687,
        ],
        [
          750,
          669,
        ],
        [
          628,
          602,
        ],
        [
          488,
          529,
        ],
        [
          380,
          473,
        ],
      ],
      labelBBox: {
        x: 1341,
        y: 579,
        width: 34,
        height: 18,
      },
      isLabelCustomized: false,
      controlPoints: [
        {
          x: 1341,
          y: 579,
        },
        {
          x: 1395,
          y: 541,
        },
      ],
      navigateTo: null,
      tags: null,
    },
    {
      id: 'v0otef',
      parent: null,
      source: 'cloudRun',
      target: 'secretManager',
      label: '[...]',
      relations: [
        'd1dzdi',
        '1qplttv',
      ],
      color: 'gray',
      line: 'dashed',
      head: 'normal',
      points: [
        [
          810,
          780,
        ],
        [
          677,
          756,
        ],
        [
          501,
          725,
        ],
        [
          371,
          702,
        ],
      ],
      labelBBox: {
        x: 1349,
        y: 735,
        width: 34,
        height: 18,
      },
      isLabelCustomized: false,
      controlPoints: [
        {
          x: 1349,
          y: 735,
        },
        {
          x: 1407,
          y: 722,
        },
      ],
      navigateTo: null,
      tags: null,
    },
    {
      id: '1e3dxgs',
      parent: null,
      source: 'cloudRun',
      target: 'cloudSqlA',
      label: 'Reads/Writes transactional data via JDBC',
      relations: [
        'v5pey7',
      ],
      color: 'gray',
      line: 'dashed',
      head: 'normal',
      points: [
        [
          810,
          850,
        ],
        [
          679,
          873,
        ],
        [
          508,
          904,
        ],
        [
          379,
          927,
        ],
      ],
      labelBBox: {
        x: 1322,
        y: 893,
        width: 288,
        height: 18,
      },
      isLabelCustomized: false,
      controlPoints: [
        {
          x: 1322,
          y: 893,
        },
        {
          x: 1401,
          y: 912,
        },
      ],
      navigateTo: null,
      tags: null,
    },
    {
      id: '1e3dxgv',
      parent: null,
      source: 'cloudRun',
      target: 'cloudSqlB',
      label: 'Stores agent execution logs, memory, and \ntask history via JDBC',
      relations: [
        'bdzste',
      ],
      color: 'gray',
      line: 'dashed',
      head: 'normal',
      points: [
        [
          868,
          905,
        ],
        [
          831,
          929,
        ],
        [
          789,
          955,
        ],
        [
          750,
          977,
        ],
        [
          631,
          1044,
        ],
        [
          494,
          1112,
        ],
        [
          385,
          1163,
        ],
      ],
      labelBBox: {
        x: 1308,
        y: 1032,
        width: 299,
        height: 33,
      },
      isLabelCustomized: false,
      controlPoints: [
        {
          x: 1308,
          y: 1032,
        },
        {
          x: 1417,
          y: 1111,
        },
      ],
      navigateTo: null,
      tags: null,
    },
    {
      id: '1r2rxli',
      parent: null,
      source: 'customer',
      target: 'cloudRun',
      label: 'Browses products, places orders, and \nchats with AI via HTTPS',
      relations: [
        '10c7es2',
      ],
      color: 'gray',
      line: 'dashed',
      head: 'normal',
      points: [
        [
          362,
          180,
        ],
        [
          478,
          248,
        ],
        [
          633,
          349,
        ],
        [
          750,
          462,
        ],
        [
          829,
          539,
        ],
        [
          900,
          643,
        ],
        [
          947,
          718,
        ],
      ],
      labelBBox: {
        x: 621,
        y: 717,
        width: 265,
        height: 33,
      },
      isLabelCustomized: false,
      controlPoints: [
        {
          x: 621,
          y: 717,
        },
        {
          x: 684,
          y: 733,
        },
      ],
      navigateTo: null,
      tags: null,
    },
    {
      id: '14uox4g',
      parent: null,
      source: 'employee',
      target: 'cloudRun',
      label: 'Monitors agent workflows and store \noperations via HTTPS',
      relations: [
        'umxg6t',
      ],
      color: 'gray',
      line: 'dashed',
      head: 'normal',
      points: [
        [
          355,
          1464,
        ],
        [
          473,
          1403,
        ],
        [
          633,
          1308,
        ],
        [
          750,
          1195,
        ],
        [
          836,
          1112,
        ],
        [
          909,
          994,
        ],
        [
          954,
          912,
        ],
      ],
      labelBBox: {
        x: 615,
        y: 895,
        width: 253,
        height: 33,
      },
      isLabelCustomized: false,
      controlPoints: [
        {
          x: 615,
          y: 895,
        },
        {
          x: 680,
          y: 882,
        },
      ],
      navigateTo: null,
      tags: null,
    },
  ],
  _layout: 'manual',
}
