{
  _type: 'element',
  tags: null,
  links: null,
  _stage: 'layouted',
  sourcePath: 'main.c4',
  description: null,
  title: 'CI-CD Pipeline - Dev',
  id: 'index',
  autoLayout: {
    direction: 'LR',
  },
  hash: 'DfblTPFPRJCEwjXzTkWxAWXorgAWMYN2_VDuvep03_c',
  bounds: {
    x: -20,
    y: -59,
    width: 2948,
    height: 967,
  },
  nodes: [
    {
      id: 'githubRepo',
      parent: null,
      level: 0,
      children: [],
      inEdges: [],
      outEdges: [
        'djepzm',
        'djepzl',
        'zfsw2g',
      ],
      title: 'GitHub',
      modelRef: 'githubRepo',
      shape: 'rectangle',
      color: 'githubPurple',
      icon: 'tech:github',
      style: {
        opacity: 15,
        size: 'md',
      },
      description: {
        txt: 'Source code repositories for all services and frontend.',
      },
      tags: [],
      technology: 'Github',
      kind: 'github',
      x: 0,
      y: 359,
      width: 330,
      height: 180,
      labelBBox: {
        x: 46,
        y: 46,
        width: 269,
        height: 85,
      },
      navigateTo: null,
      links: null,
    },
    {
      id: 'cloudBuild',
      parent: null,
      level: 0,
      children: [
        'cloudBuild.triggerServerA',
        'cloudBuild.triggerServerB',
        'cloudBuild.triggerFrontend',
      ],
      inEdges: [
        'djepzm',
        'djepzl',
        'zfsw2g',
      ],
      outEdges: [
        '143j4qh',
        'ybvqjd',
        'purwnt',
      ],
      title: 'Cloud Build',
      modelRef: 'cloudBuild',
      shape: 'rectangle',
      color: 'gcpBlue',
      icon: 'gcp:cloud-build',
      style: {
        opacity: 15,
        size: 'md',
      },
      description: {
        txt: 'CI-CD pipeline — builds Docker images and pushes to Artifact Registry.',
      },
      tags: [],
      technology: 'Cloud Build',
      kind: 'gcp-cloud-build',
      depth: 1,
      x: 649,
      y: 8,
      width: 400,
      height: 861,
      labelBBox: {
        x: 6,
        y: 0,
        width: 80,
        height: 15,
      },
      navigateTo: null,
      links: null,
    },
    {
      id: 'cloudBuild.triggerServerA',
      parent: 'cloudBuild',
      level: 1,
      children: [],
      inEdges: [
        'djepzm',
      ],
      outEdges: [
        '143j4qh',
      ],
      title: 'Server A Trigger',
      modelRef: 'cloudBuild.triggerServerA',
      shape: 'rectangle',
      color: 'gcpBlue',
      icon: 'gcp:cloud-build',
      style: {
        opacity: 15,
        size: 'md',
      },
      tags: [],
      technology: 'Cloud Build',
      kind: 'github',
      x: 689,
      y: 649,
      width: 320,
      height: 180,
      labelBBox: {
        x: 71,
        y: 66,
        width: 208,
        height: 45,
      },
      navigateTo: null,
      links: null,
    },
    {
      id: 'cloudBuild.triggerServerB',
      parent: 'cloudBuild',
      level: 1,
      children: [],
      inEdges: [
        'djepzl',
      ],
      outEdges: [
        'ybvqjd',
      ],
      title: 'Server B Trigger',
      modelRef: 'cloudBuild.triggerServerB',
      shape: 'rectangle',
      color: 'gcpBlue',
      icon: 'gcp:cloud-build',
      style: {
        opacity: 15,
        size: 'md',
      },
      tags: [],
      technology: 'Cloud Build',
      kind: 'github',
      x: 689,
      y: 69,
      width: 320,
      height: 180,
      labelBBox: {
        x: 71,
        y: 66,
        width: 208,
        height: 45,
      },
      navigateTo: null,
      links: null,
    },
    {
      id: 'cloudBuild.triggerFrontend',
      parent: 'cloudBuild',
      level: 1,
      children: [],
      inEdges: [
        'zfsw2g',
      ],
      outEdges: [
        'purwnt',
      ],
      title: 'Frontend Trigger',
      modelRef: 'cloudBuild.triggerFrontend',
      shape: 'rectangle',
      color: 'gcpBlue',
      icon: 'gcp:cloud-build',
      style: {
        opacity: 15,
        size: 'md',
      },
      tags: [],
      technology: 'Cloud Build',
      kind: 'github',
      x: 689,
      y: 359,
      width: 320,
      height: 180,
      labelBBox: {
        x: 69,
        y: 66,
        width: 211,
        height: 45,
      },
      navigateTo: null,
      links: null,
    },
    {
      id: 'artifactRegistry',
      parent: null,
      level: 0,
      children: [
        'artifactRegistry.serverAImage',
        'artifactRegistry.serverBImage',
        'artifactRegistry.frontendImage',
      ],
      inEdges: [
        '143j4qh',
        'ybvqjd',
        'purwnt',
      ],
      outEdges: [
        'vpk1uu',
        '1b352di',
        'l347y7',
      ],
      title: 'Artifact Registry',
      modelRef: 'artifactRegistry',
      shape: 'cylinder',
      color: 'gcpBlue',
      icon: 'gcp:artifact-registry',
      style: {
        opacity: 15,
        size: 'md',
      },
      description: {
        txt: 'Docker image registry — stores built container images for Cloud Run deployment.',
      },
      tags: [],
      technology: 'Artifact Registry',
      kind: 'gcp-artifact-registry',
      depth: 1,
      x: 1302,
      y: 8,
      width: 400,
      height: 861,
      labelBBox: {
        x: 6,
        y: 0,
        width: 118,
        height: 15,
      },
      navigateTo: null,
      links: null,
    },
    {
      id: 'artifactRegistry.serverAImage',
      parent: 'artifactRegistry',
      level: 1,
      children: [],
      inEdges: [
        '143j4qh',
      ],
      outEdges: [
        'vpk1uu',
      ],
      title: 'Server A Image',
      modelRef: 'artifactRegistry.serverAImage',
      shape: 'cylinder',
      color: 'gcpBlue',
      icon: 'gcp:artifact-registry',
      style: {
        opacity: 15,
        size: 'md',
      },
      tags: [],
      technology: 'Artifact Registry',
      kind: 'gcp-artifact-registry',
      x: 1342,
      y: 649,
      width: 320,
      height: 180,
      labelBBox: {
        x: 74,
        y: 66,
        width: 201,
        height: 45,
      },
      navigateTo: null,
      links: null,
    },
    {
      id: 'artifactRegistry.serverBImage',
      parent: 'artifactRegistry',
      level: 1,
      children: [],
      inEdges: [
        'ybvqjd',
      ],
      outEdges: [
        '1b352di',
      ],
      title: 'Server B Image',
      modelRef: 'artifactRegistry.serverBImage',
      shape: 'cylinder',
      color: 'gcpBlue',
      icon: 'gcp:artifact-registry',
      style: {
        opacity: 15,
        size: 'md',
      },
      tags: [],
      technology: 'Artifact Registry',
      kind: 'gcp-artifact-registry',
      x: 1342,
      y: 69,
      width: 320,
      height: 180,
      labelBBox: {
        x: 74,
        y: 66,
        width: 201,
        height: 45,
      },
      navigateTo: null,
      links: null,
    },
    {
      id: 'artifactRegistry.frontendImage',
      parent: 'artifactRegistry',
      level: 1,
      children: [],
      inEdges: [
        'purwnt',
      ],
      outEdges: [
        'l347y7',
      ],
      title: 'Frontend Image',
      modelRef: 'artifactRegistry.frontendImage',
      shape: 'cylinder',
      color: 'gcpBlue',
      icon: 'gcp:artifact-registry',
      style: {
        opacity: 15,
        size: 'md',
      },
      tags: [],
      technology: 'Artifact Registry',
      kind: 'gcp-artifact-registry',
      x: 1342,
      y: 359,
      width: 320,
      height: 180,
      labelBBox: {
        x: 73,
        y: 66,
        width: 203,
        height: 45,
      },
      navigateTo: null,
      links: null,
    },
    {
      id: 'cloudRun',
      parent: null,
      level: 0,
      children: [
        'cloudRun.frontendApp',
        'cloudRun.serviceB',
        'cloudRun.serviceA',
      ],
      inEdges: [
        'vpk1uu',
        '1b352di',
        'l347y7',
      ],
      outEdges: [],
      title: 'GCP Cloud Run',
      modelRef: 'cloudRun',
      shape: 'rectangle',
      color: 'gcpBlue',
      icon: 'gcp:cloud-run',
      style: {
        opacity: 15,
        size: 'md',
      },
      description: {
        txt: 'Microservices-based retail platform powered by Agentic AI.',
      },
      tags: [],
      technology: 'Cloud Run',
      kind: 'gcp-cloud-run',
      depth: 1,
      x: 1911,
      y: -39,
      width: 971,
      height: 927,
      labelBBox: {
        x: 6,
        y: 0,
        width: 97,
        height: 15,
      },
      navigateTo: null,
      links: null,
    },
    {
      id: 'cloudRun.frontendApp',
      parent: 'cloudRun',
      level: 1,
      children: [],
      inEdges: [
        'l347y7',
      ],
      outEdges: [
        'vukh4p',
        'vukh4q',
      ],
      title: 'Frontend Web App',
      modelRef: 'cloudRun.frontendApp',
      shape: 'browser',
      color: 'reactGreen',
      icon: 'tech:nextjs-icon',
      style: {
        opacity: 40,
        size: 'md',
      },
      description: {
        txt: 'Serves user UI and handles SSR. React / Next.js.',
      },
      tags: [],
      technology: 'Nextjs',
      kind: 'react-frontend',
      x: 1953,
      y: 357,
      width: 348,
      height: 180,
      labelBBox: {
        x: 46,
        y: 46,
        width: 286,
        height: 85,
      },
      navigateTo: null,
      links: null,
    },
    {
      id: 'cloudRun.serviceB',
      parent: 'cloudRun',
      level: 1,
      children: [],
      inEdges: [
        '1b352di',
        'vukh4q',
      ],
      outEdges: [
        'v15znt',
      ],
      title: 'Server B - AI Agent',
      modelRef: 'cloudRun.serviceB',
      shape: 'rectangle',
      color: 'springGreen',
      icon: 'tech:spring',
      style: {
        opacity: 40,
        size: 'md',
      },
      description: {
        txt: 'Autonomous AI agent executing tasks using tools/LLMs. Java / Spring Boot / LangChain4j.',
      },
      tags: [],
      technology: 'Spring',
      kind: 'spring-boot-server',
      x: 2465,
      y: 21,
      width: 375,
      height: 180,
      labelBBox: {
        x: 46,
        y: 37,
        width: 314,
        height: 103,
      },
      navigateTo: null,
      links: null,
    },
    {
      id: 'cloudRun.serviceA',
      parent: 'cloudRun',
      level: 1,
      children: [],
      inEdges: [
        'vpk1uu',
        'v15znt',
        'vukh4p',
      ],
      outEdges: [],
      title: 'Server A - Core',
      modelRef: 'cloudRun.serviceA',
      shape: 'rectangle',
      color: 'springGreen',
      icon: 'tech:spring',
      style: {
        opacity: 40,
        size: 'md',
      },
      description: {
        txt: 'Manages products, orders, inventory, and checkout. Java / Spring Boot.',
      },
      tags: [],
      technology: 'Spring',
      kind: 'spring-boot-server',
      x: 2453,
      y: 666,
      width: 330,
      height: 180,
      labelBBox: {
        x: 45,
        y: 37,
        width: 269,
        height: 103,
      },
      navigateTo: null,
      links: null,
    },
  ],
  edges: [
    {
      id: 'djepzm',
      parent: null,
      source: 'githubRepo',
      target: 'cloudBuild.triggerServerA',
      label: 'Push triggers build via Cloud Build v2',
      relations: [
        'pgxfs3',
      ],
      color: 'gray',
      line: 'dashed',
      head: 'normal',
      points: [
        [
          331,
          519,
        ],
        [
          436,
          564,
        ],
        [
          573,
          622,
        ],
        [
          679,
          667,
        ],
      ],
      labelBBox: {
        x: 392,
        y: 529,
        width: 236,
        height: 18,
      },
      isLabelCustomized: false,
      controlPoints: null,
      navigateTo: null,
      tags: null,
    },
    {
      id: 'djepzl',
      parent: null,
      source: 'githubRepo',
      target: 'cloudBuild.triggerServerB',
      label: 'Push triggers build via Cloud Build v2',
      relations: [
        '1ubemdj',
      ],
      color: 'gray',
      line: 'dashed',
      head: 'normal',
      points: [
        [
          331,
          379,
        ],
        [
          436,
          334,
        ],
        [
          573,
          276,
        ],
        [
          679,
          231,
        ],
      ],
      labelBBox: {
        x: 392,
        y: 231,
        width: 236,
        height: 18,
      },
      isLabelCustomized: false,
      controlPoints: null,
      navigateTo: null,
      tags: null,
    },
    {
      id: 'zfsw2g',
      parent: null,
      source: 'githubRepo',
      target: 'cloudBuild.triggerFrontend',
      label: 'Push triggers build via Cloud Build v2',
      relations: [
        '17qhhvz',
      ],
      color: 'gray',
      line: 'dashed',
      head: 'normal',
      points: [
        [
          331,
          449,
        ],
        [
          436,
          449,
        ],
        [
          572,
          449,
        ],
        [
          678,
          449,
        ],
      ],
      labelBBox: {
        x: 392,
        y: 427,
        width: 236,
        height: 18,
      },
      isLabelCustomized: false,
      controlPoints: null,
      navigateTo: null,
      tags: null,
    },
    {
      id: '143j4qh',
      parent: null,
      source: 'cloudBuild.triggerServerA',
      target: 'artifactRegistry.serverAImage',
      label: 'Pushes image to Artifact Registry',
      relations: [
        'sg8699',
      ],
      color: 'gray',
      line: 'dashed',
      head: 'normal',
      points: [
        [
          1009,
          739,
        ],
        [
          1106,
          739,
        ],
        [
          1231,
          739,
        ],
        [
          1331,
          739,
        ],
      ],
      labelBBox: {
        x: 1070,
        y: 717,
        width: 211,
        height: 18,
      },
      isLabelCustomized: false,
      controlPoints: null,
      navigateTo: null,
      tags: null,
    },
    {
      id: 'ybvqjd',
      parent: null,
      source: 'cloudBuild.triggerServerB',
      target: 'artifactRegistry.serverBImage',
      label: 'Pushes image to Artifact Registry',
      relations: [
        '1ot6q30',
      ],
      color: 'gray',
      line: 'dashed',
      head: 'normal',
      points: [
        [
          1009,
          159,
        ],
        [
          1106,
          159,
        ],
        [
          1231,
          159,
        ],
        [
          1331,
          159,
        ],
      ],
      labelBBox: {
        x: 1070,
        y: 137,
        width: 211,
        height: 18,
      },
      isLabelCustomized: false,
      controlPoints: null,
      navigateTo: null,
      tags: null,
    },
    {
      id: 'purwnt',
      parent: null,
      source: 'cloudBuild.triggerFrontend',
      target: 'artifactRegistry.frontendImage',
      label: 'Pushes image to Artifact Registry',
      relations: [
        'knf9c3',
      ],
      color: 'gray',
      line: 'dashed',
      head: 'normal',
      points: [
        [
          1009,
          449,
        ],
        [
          1106,
          449,
        ],
        [
          1231,
          449,
        ],
        [
          1331,
          449,
        ],
      ],
      labelBBox: {
        x: 1070,
        y: 427,
        width: 211,
        height: 18,
      },
      isLabelCustomized: false,
      controlPoints: null,
      navigateTo: null,
      tags: null,
    },
    {
      id: 'vpk1uu',
      parent: null,
      source: 'artifactRegistry.serverAImage',
      target: 'cloudRun.serviceA',
      label: 'Cloud Run deploys from Artifact Registry',
      relations: [
        '1w4rvgd',
      ],
      color: 'gray',
      line: 'dashed',
      head: 'normal',
      points: [
        [
          1663,
          719,
        ],
        [
          2060,
          668,
        ],
        [
          3090,
          537,
        ],
        [
          3502,
          485,
        ],
      ],
      labelBBox: {
        x: 1984,
        y: 694,
        width: 257,
        height: 18,
      },
      isLabelCustomized: false,
      controlPoints: [
        {
          x: 2051,
          y: 746,
        },
      ],
      navigateTo: null,
      tags: null,
    },
    {
      id: '1b352di',
      parent: null,
      source: 'artifactRegistry.serverBImage',
      target: 'cloudRun.serviceB',
      label: 'Cloud Run deploys from Artifact Registry',
      relations: [
        '8up9fp',
      ],
      color: 'gray',
      line: 'dashed',
      head: 'normal',
      points: [
        [
          1663,
          168,
        ],
        [
          1930,
          183,
        ],
        [
          2468,
          213,
        ],
        [
          2758,
          229,
        ],
      ],
      labelBBox: {
        x: 1964,
        y: 114,
        width: 257,
        height: 18,
      },
      isLabelCustomized: false,
      controlPoints: [
        {
          x: 2054,
          y: 135,
        },
      ],
      navigateTo: null,
      tags: null,
    },
    {
      id: 'v15znt',
      parent: 'cloudRun',
      source: 'cloudRun.serviceB',
      target: 'cloudRun.serviceA',
      label: 'Invokes domain tools/APIs on behalf of \nAI agent via REST',
      relations: [
        '8cbgt6',
      ],
      color: 'gray',
      line: 'dashed',
      head: 'normal',
      points: [
        [
          3144,
          298,
        ],
        [
          3254,
          332,
        ],
        [
          3394,
          375,
        ],
        [
          3502,
          409,
        ],
      ],
      labelBBox: {
        x: 2662,
        y: 289,
        width: 246,
        height: 35,
      },
      isLabelCustomized: false,
      controlPoints: [
        {
          x: 2639,
          y: 346,
        },
      ],
      navigateTo: null,
      tags: null,
    },
    {
      id: 'l347y7',
      parent: null,
      source: 'artifactRegistry.frontendImage',
      target: 'cloudRun.frontendApp',
      label: 'Cloud Run deploys from Artifact Registry',
      relations: [
        'vv6da5',
      ],
      color: 'gray',
      line: 'dashed',
      head: 'normal',
      points: [
        [
          1662,
          452,
        ],
        [
          1772,
          454,
        ],
        [
          1917,
          457,
        ],
        [
          2031,
          459,
        ],
      ],
      labelBBox: {
        x: 1695,
        y: 427,
        width: 257,
        height: 18,
      },
      isLabelCustomized: false,
      controlPoints: [
        {
          x: 1784,
          y: 447,
        },
      ],
      navigateTo: null,
      tags: null,
    },
    {
      id: 'vukh4p',
      parent: 'cloudRun',
      source: 'cloudRun.frontendApp',
      target: 'cloudRun.serviceA',
      label: 'Calls REST APIs for retail operations',
      relations: [
        'rdtl8s',
      ],
      color: 'gray',
      line: 'dashed',
      head: 'normal',
      points: [
        [
          2389,
          463,
        ],
        [
          2669,
          463,
        ],
        [
          3220,
          463,
        ],
        [
          3502,
          463,
        ],
      ],
      labelBBox: {
        x: 2333,
        y: 555,
        width: 234,
        height: 18,
      },
      isLabelCustomized: false,
      controlPoints: [
        {
          x: 2369,
          y: 599,
        },
      ],
      navigateTo: null,
      tags: null,
    },
    {
      id: 'vukh4q',
      parent: 'cloudRun',
      source: 'cloudRun.frontendApp',
      target: 'cloudRun.serviceB',
      label: 'Submits prompt requests & queries AI \nagent via REST/WebSocket',
      relations: [
        'odahgo',
      ],
      color: 'gray',
      line: 'dashed',
      head: 'normal',
      points: [
        [
          2389,
          411,
        ],
        [
          2499,
          377,
        ],
        [
          2643,
          334,
        ],
        [
          2758,
          299,
        ],
      ],
      labelBBox: {
        x: 2360,
        y: 228,
        width: 240,
        height: 35,
      },
      isLabelCustomized: false,
      controlPoints: [
        {
          x: 2414,
          y: 260,
        },
      ],
      navigateTo: null,
      tags: null,
    },
  ],
  _layout: 'manual',
}
