{
  _type: 'element',
  tags: null,
  links: null,
  _stage: 'layouted',
  sourcePath: 'main.c4',
  description: null,
  title: 'CI-CD Pipeline - Dev',
  id: 'index',
  autoLayout: {
    direction: 'LR',
  },
  hash: 'uZTvT5LHlk6EP2Rpu6qFL0vbOUEPZxRjJk_A2OCBgsc',
  bounds: {
    x: -248,
    y: -190,
    width: 5257,
    height: 2062,
  },
  nodes: [
    {
      id: 'frontendRepo',
      parent: null,
      level: 0,
      children: [],
      inEdges: [],
      outEdges: [
        'rl6s7n',
      ],
      title: 'frontend repo',
      modelRef: 'frontendRepo',
      shape: 'rectangle',
      color: 'githubPurple',
      icon: 'tech:github',
      style: {
        opacity: 15,
        size: 'md',
      },
      description: {
        txt: 'Next.js storefront source on GitHub.',
      },
      tags: [],
      technology: 'Github',
      kind: 'github',
      x: -228,
      y: -55,
      width: 331,
      height: 180,
      labelBBox: {
        x: 46,
        y: 45,
        width: 271,
        height: 81,
      },
      navigateTo: null,
      links: null,
    },
    {
      id: 'microservicesRepo',
      parent: null,
      level: 0,
      children: [],
      inEdges: [],
      outEdges: [
        'vgkmqz',
        'f2zlpa',
        '6f86q9',
        '1nau7g4',
        'ni3ncz',
        'kl2rlg',
      ],
      title: 'microservices repo',
      modelRef: 'microservicesRepo',
      shape: 'rectangle',
      color: 'githubPurple',
      icon: 'tech:github',
      style: {
        opacity: 15,
        size: 'md',
      },
      description: {
        txt: 'Monorepo containing the six Spring Boot services.',
      },
      tags: [],
      technology: 'Github',
      kind: 'github',
      x: -173,
      y: 922,
      width: 391,
      height: 180,
      labelBBox: {
        x: 46,
        y: 45,
        width: 331,
        height: 81,
      },
      navigateTo: null,
      links: null,
    },
    {
      id: 'cloudBuild',
      parent: null,
      level: 0,
      children: [
        'cloudBuild.triggerFrontend',
        'cloudBuild.triggerUserService',
        'cloudBuild.triggerShopService',
        'cloudBuild.triggerProductService',
        'cloudBuild.triggerOrderService',
        'cloudBuild.triggerAgentService',
        'cloudBuild.triggerOrchestratorService',
      ],
      inEdges: [
        'rl6s7n',
        'vgkmqz',
        'f2zlpa',
        '6f86q9',
        '1nau7g4',
        'ni3ncz',
        'kl2rlg',
      ],
      outEdges: [
        'purwnt',
        '87by2h',
        '1ov6c9',
        '1xk5frt',
        '1kdy9sp',
        '340is9',
        '163d4m1',
      ],
      title: 'Cloud Build',
      modelRef: 'cloudBuild',
      shape: 'rectangle',
      color: 'gcpBlue',
      icon: 'gcp:cloud-build',
      style: {
        opacity: 15,
        size: 'md',
      },
      description: {
        txt: 'CI-CD pipeline — builds Docker images and pushes to Artifact Registry.',
      },
      tags: [],
      technology: 'Cloud Build',
      kind: 'gcp-cloud-build',
      depth: 1,
      x: 476,
      y: -68,
      width: 648,
      height: 1732,
      labelBBox: {
        x: 6,
        y: -1,
        width: 87,
        height: 15,
      },
      navigateTo: null,
      links: null,
    },
    {
      id: 'cloudBuild.triggerFrontend',
      parent: 'cloudBuild',
      level: 1,
      children: [],
      inEdges: [
        'rl6s7n',
      ],
      outEdges: [
        'purwnt',
      ],
      title: 'frontend trigger',
      modelRef: 'cloudBuild.triggerFrontend',
      shape: 'rectangle',
      color: 'gcpBlue',
      icon: 'gcp:cloud-build',
      style: {
        opacity: 15,
        size: 'md',
      },
      tags: [],
      technology: 'Cloud Build',
      kind: 'github',
      x: 518,
      y: -7,
      width: 319,
      height: 180,
      labelBBox: {
        x: 65,
        y: 64,
        width: 220,
        height: 44,
      },
      navigateTo: null,
      links: null,
    },
    {
      id: 'cloudBuild.triggerUserService',
      parent: 'cloudBuild',
      level: 1,
      children: [],
      inEdges: [
        'vgkmqz',
      ],
      outEdges: [
        '87by2h',
      ],
      title: 'user-service trigger',
      modelRef: 'cloudBuild.triggerUserService',
      shape: 'rectangle',
      color: 'gcpBlue',
      icon: 'gcp:cloud-build',
      style: {
        opacity: 15,
        size: 'md',
      },
      tags: [],
      technology: 'Cloud Build',
      kind: 'github',
      x: 692,
      y: 282,
      width: 319,
      height: 180,
      labelBBox: {
        x: 46,
        y: 64,
        width: 257,
        height: 44,
      },
      navigateTo: null,
      links: null,
    },
    {
      id: 'cloudBuild.triggerShopService',
      parent: 'cloudBuild',
      level: 1,
      children: [],
      inEdges: [
        'f2zlpa',
      ],
      outEdges: [
        '1ov6c9',
      ],
      title: 'shop-service trigger',
      modelRef: 'cloudBuild.triggerShopService',
      shape: 'rectangle',
      color: 'gcpBlue',
      icon: 'gcp:cloud-build',
      style: {
        opacity: 15,
        size: 'md',
      },
      tags: [],
      technology: 'Cloud Build',
      kind: 'github',
      x: 690,
      y: 572,
      width: 324,
      height: 180,
      labelBBox: {
        x: 45,
        y: 64,
        width: 263,
        height: 44,
      },
      navigateTo: null,
      links: null,
    },
    {
      id: 'cloudBuild.triggerProductService',
      parent: 'cloudBuild',
      level: 1,
      children: [],
      inEdges: [
        '6f86q9',
      ],
      outEdges: [
        '1xk5frt',
      ],
      title: 'product-service trigger',
      modelRef: 'cloudBuild.triggerProductService',
      shape: 'rectangle',
      color: 'gcpBlue',
      icon: 'gcp:cloud-build',
      style: {
        opacity: 15,
        size: 'md',
      },
      tags: [],
      technology: 'Cloud Build',
      kind: 'github',
      x: 675,
      y: 862,
      width: 353,
      height: 180,
      labelBBox: {
        x: 46,
        y: 64,
        width: 292,
        height: 44,
      },
      navigateTo: null,
      links: null,
    },
    {
      id: 'cloudBuild.triggerOrderService',
      parent: 'cloudBuild',
      level: 1,
      children: [],
      inEdges: [
        '1nau7g4',
      ],
      outEdges: [
        '1kdy9sp',
      ],
      title: 'order-service trigger',
      modelRef: 'cloudBuild.triggerOrderService',
      shape: 'rectangle',
      color: 'gcpBlue',
      icon: 'gcp:cloud-build',
      style: {
        opacity: 15,
        size: 'md',
      },
      tags: [],
      technology: 'Cloud Build',
      kind: 'github',
      x: 688,
      y: 1152,
      width: 327,
      height: 180,
      labelBBox: {
        x: 46,
        y: 64,
        width: 266,
        height: 44,
      },
      navigateTo: null,
      links: null,
    },
    {
      id: 'cloudBuild.triggerAgentService',
      parent: 'cloudBuild',
      level: 1,
      children: [],
      inEdges: [
        'ni3ncz',
      ],
      outEdges: [
        '340is9',
      ],
      title: 'agent-service trigger',
      modelRef: 'cloudBuild.triggerAgentService',
      shape: 'rectangle',
      color: 'gcpBlue',
      icon: 'gcp:cloud-build',
      style: {
        opacity: 15,
        size: 'md',
      },
      tags: [],
      technology: 'Cloud Build',
      kind: 'github',
      x: 685,
      y: 1442,
      width: 333,
      height: 180,
      labelBBox: {
        x: 46,
        y: 64,
        width: 272,
        height: 44,
      },
      navigateTo: null,
      links: null,
    },
    {
      id: 'cloudBuild.triggerOrchestratorService',
      parent: 'cloudBuild',
      level: 1,
      children: [],
      inEdges: [
        'kl2rlg',
      ],
      outEdges: [
        '163d4m1',
      ],
      title: 'agent-orchestrator-service trigger',
      modelRef: 'cloudBuild.triggerOrchestratorService',
      shape: 'rectangle',
      color: 'gcpBlue',
      icon: 'gcp:cloud-build',
      style: {
        opacity: 15,
        size: 'md',
      },
      tags: [],
      technology: 'Cloud Build',
      kind: 'github',
      x: 621,
      y: -8,
      width: 461,
      height: 180,
      labelBBox: {
        x: 46,
        y: 64,
        width: 400,
        height: 44,
      },
      navigateTo: null,
      links: null,
    },
    {
      id: 'artifactRegistry',
      parent: null,
      level: 0,
      children: [
        'artifactRegistry.frontendImage',
        'artifactRegistry.userServiceImage',
        'artifactRegistry.shopServiceImage',
        'artifactRegistry.productServiceImage',
        'artifactRegistry.orderServiceImage',
        'artifactRegistry.agentServiceImage',
        'artifactRegistry.orchestratorServiceImage',
      ],
      inEdges: [
        'purwnt',
        '87by2h',
        '1ov6c9',
        '1xk5frt',
        '1kdy9sp',
        '340is9',
        '163d4m1',
      ],
      outEdges: [
        'l347y7',
        '1o8o4da',
        'y2wyse',
        'okk7zy',
        '1gnkgm6',
        '1hf4q7y',
        'osbace',
      ],
      title: 'Artifact Registry (dev-repo)',
      modelRef: 'artifactRegistry',
      shape: 'cylinder',
      color: 'gcpBlue',
      icon: 'gcp:artifact-registry',
      style: {
        opacity: 15,
        size: 'md',
      },
      description: {
        txt: 'Docker image registry — stores built container images for Cloud Run deployment.',
      },
      tags: [],
      technology: 'Artifact Registry',
      kind: 'gcp-artifact-registry',
      depth: 1,
      x: 1307,
      y: -170,
      width: 808,
      height: 2022,
      labelBBox: {
        x: 6,
        y: -1,
        width: 202,
        height: 15,
      },
      navigateTo: null,
      links: null,
    },
    {
      id: 'artifactRegistry.frontendImage',
      parent: 'artifactRegistry',
      level: 1,
      children: [],
      inEdges: [
        'purwnt',
      ],
      outEdges: [
        'l347y7',
      ],
      title: 'frontend image',
      modelRef: 'artifactRegistry.frontendImage',
      shape: 'cylinder',
      color: 'gcpBlue',
      icon: 'gcp:artifact-registry',
      style: {
        opacity: 15,
        size: 'md',
      },
      tags: [],
      technology: 'Artifact Registry',
      kind: 'gcp-artifact-registry',
      x: 1349,
      y: 181,
      width: 319,
      height: 180,
      labelBBox: {
        x: 67,
        y: 64,
        width: 215,
        height: 44,
      },
      navigateTo: null,
      links: null,
    },
    {
      id: 'artifactRegistry.userServiceImage',
      parent: 'artifactRegistry',
      level: 1,
      children: [],
      inEdges: [
        '87by2h',
      ],
      outEdges: [
        '1o8o4da',
      ],
      title: 'user-service image',
      modelRef: 'artifactRegistry.userServiceImage',
      shape: 'cylinder',
      color: 'gcpBlue',
      icon: 'gcp:artifact-registry',
      style: {
        opacity: 15,
        size: 'md',
      },
      tags: [],
      technology: 'Artifact Registry',
      kind: 'gcp-artifact-registry',
      x: 1686,
      y: 470,
      width: 319,
      height: 180,
      labelBBox: {
        x: 49,
        y: 64,
        width: 252,
        height: 44,
      },
      navigateTo: null,
      links: null,
    },
    {
      id: 'artifactRegistry.shopServiceImage',
      parent: 'artifactRegistry',
      level: 1,
      children: [],
      inEdges: [
        '1ov6c9',
      ],
      outEdges: [
        'y2wyse',
      ],
      title: 'shop-service image',
      modelRef: 'artifactRegistry.shopServiceImage',
      shape: 'cylinder',
      color: 'gcpBlue',
      icon: 'gcp:artifact-registry',
      style: {
        opacity: 15,
        size: 'md',
      },
      tags: [],
      technology: 'Artifact Registry',
      kind: 'gcp-artifact-registry',
      x: 1686,
      y: 760,
      width: 319,
      height: 180,
      labelBBox: {
        x: 46,
        y: 64,
        width: 258,
        height: 44,
      },
      navigateTo: null,
      links: null,
    },
    {
      id: 'artifactRegistry.productServiceImage',
      parent: 'artifactRegistry',
      level: 1,
      children: [],
      inEdges: [
        '1xk5frt',
      ],
      outEdges: [
        'okk7zy',
      ],
      title: 'product-service image',
      modelRef: 'artifactRegistry.productServiceImage',
      shape: 'cylinder',
      color: 'gcpBlue',
      icon: 'gcp:artifact-registry',
      style: {
        opacity: 15,
        size: 'md',
      },
      tags: [],
      technology: 'Artifact Registry',
      kind: 'gcp-artifact-registry',
      x: 1673,
      y: 1050,
      width: 346,
      height: 180,
      labelBBox: {
        x: 45,
        y: 64,
        width: 286,
        height: 44,
      },
      navigateTo: null,
      links: null,
    },
    {
      id: 'artifactRegistry.orderServiceImage',
      parent: 'artifactRegistry',
      level: 1,
      children: [],
      inEdges: [
        '1kdy9sp',
      ],
      outEdges: [
        '1gnkgm6',
      ],
      title: 'order-service image',
      modelRef: 'artifactRegistry.orderServiceImage',
      shape: 'cylinder',
      color: 'gcpBlue',
      icon: 'gcp:artifact-registry',
      style: {
        opacity: 15,
        size: 'md',
      },
      tags: [],
      technology: 'Artifact Registry',
      kind: 'gcp-artifact-registry',
      x: 1685,
      y: 1340,
      width: 321,
      height: 180,
      labelBBox: {
        x: 45,
        y: 64,
        width: 261,
        height: 44,
      },
      navigateTo: null,
      links: null,
    },
    {
      id: 'artifactRegistry.agentServiceImage',
      parent: 'artifactRegistry',
      level: 1,
      children: [],
      inEdges: [
        '340is9',
      ],
      outEdges: [
        '1hf4q7y',
      ],
      title: 'agent-service image',
      modelRef: 'artifactRegistry.agentServiceImage',
      shape: 'cylinder',
      color: 'gcpBlue',
      icon: 'gcp:artifact-registry',
      style: {
        opacity: 15,
        size: 'md',
      },
      tags: [],
      technology: 'Artifact Registry',
      kind: 'gcp-artifact-registry',
      x: 1682,
      y: 1630,
      width: 328,
      height: 180,
      labelBBox: {
        x: 45,
        y: 64,
        width: 267,
        height: 44,
      },
      navigateTo: null,
      links: null,
    },
    {
      id: 'artifactRegistry.orchestratorServiceImage',
      parent: 'artifactRegistry',
      level: 1,
      children: [],
      inEdges: [
        '163d4m1',
      ],
      outEdges: [
        'osbace',
      ],
      title: 'agent-orchestrator-service image',
      modelRef: 'artifactRegistry.orchestratorServiceImage',
      shape: 'cylinder',
      color: 'gcpBlue',
      icon: 'gcp:artifact-registry',
      style: {
        opacity: 15,
        size: 'md',
      },
      tags: [],
      technology: 'Artifact Registry',
      kind: 'gcp-artifact-registry',
      x: 1619,
      y: -110,
      width: 454,
      height: 180,
      labelBBox: {
        x: 45,
        y: 64,
        width: 394,
        height: 44,
      },
      navigateTo: null,
      links: null,
    },
    {
      id: 'cloudRun',
      parent: null,
      level: 0,
      children: [
        'cloudRun.frontendApp',
        'cloudRun.userService',
        'cloudRun.shopService',
        'cloudRun.orderService',
        'cloudRun.orchestratorService',
        'cloudRun.agentService',
        'cloudRun.productService',
      ],
      inEdges: [
        'l347y7',
        '1o8o4da',
        'y2wyse',
        'okk7zy',
        '1gnkgm6',
        '1hf4q7y',
        'osbace',
      ],
      outEdges: [],
      title: 'GCP Cloud Run',
      modelRef: 'cloudRun',
      shape: 'rectangle',
      color: 'gcpBlue',
      icon: 'gcp:cloud-run',
      style: {
        opacity: 15,
        size: 'md',
      },
      description: {
        txt: 'Microservices-based retail platform (Cartesian) powered by an AI shopping agent.',
      },
      tags: [],
      technology: 'Cloud Run',
      kind: 'gcp-cloud-run',
      depth: 1,
      x: 2383,
      y: 163,
      width: 2606,
      height: 1477,
      labelBBox: {
        x: 6,
        y: -1,
        width: 106,
        height: 15,
      },
      navigateTo: null,
      links: null,
    },
    {
      id: 'cloudRun.frontendApp',
      parent: 'cloudRun',
      level: 1,
      children: [],
      inEdges: [
        'l347y7',
      ],
      outEdges: [
        '1ppy7op',
        '35cdss',
        'mvzteb',
        '51x4qe',
        '1uey9kx',
        '1acqwdy',
      ],
      title: 'Frontend Web App',
      modelRef: 'cloudRun.frontendApp',
      shape: 'browser',
      color: 'reactGreen',
      icon: 'tech:nextjs-icon',
      style: {
        opacity: 40,
        size: 'md',
      },
      description: {
        txt: 'Storefront UI with server-side rendering. React 19 / Next.js 16. Port 3000.',
      },
      tags: [],
      technology: 'Nextjs',
      kind: 'react-frontend',
      x: 2425,
      y: 223,
      width: 367,
      height: 180,
      labelBBox: {
        x: 45,
        y: 37,
        width: 307,
        height: 98,
      },
      navigateTo: null,
      links: null,
    },
    {
      id: 'cloudRun.userService',
      parent: 'cloudRun',
      level: 1,
      children: [],
      inEdges: [
        '1o8o4da',
        '1ppy7op',
      ],
      outEdges: [],
      title: 'user-service',
      modelRef: 'cloudRun.userService',
      shape: 'rectangle',
      color: 'springGreen',
      icon: 'tech:spring',
      style: {
        opacity: 40,
        size: 'md',
      },
      description: {
        txt: 'Manages buyers and sellers. Java 17 / Spring Boot. Port 8081.',
      },
      tags: [],
      technology: 'Spring',
      kind: 'spring-boot-server',
      x: 2948,
      y: 548,
      width: 397,
      height: 180,
      labelBBox: {
        x: 46,
        y: 45,
        width: 336,
        height: 81,
      },
      navigateTo: null,
      links: null,
    },
    {
      id: 'cloudRun.shopService',
      parent: 'cloudRun',
      level: 1,
      children: [],
      inEdges: [
        'y2wyse',
        '35cdss',
      ],
      outEdges: [],
      title: 'shop-service',
      modelRef: 'cloudRun.shopService',
      shape: 'rectangle',
      color: 'springGreen',
      icon: 'tech:spring',
      style: {
        opacity: 40,
        size: 'md',
      },
      description: {
        txt: 'Manages physical shops and their geolocations. Port 8082.',
      },
      tags: [],
      technology: 'Spring',
      kind: 'spring-boot-server',
      x: 2957,
      y: 838,
      width: 379,
      height: 180,
      labelBBox: {
        x: 46,
        y: 45,
        width: 318,
        height: 81,
      },
      navigateTo: null,
      links: null,
    },
    {
      id: 'cloudRun.orderService',
      parent: 'cloudRun',
      level: 1,
      children: [],
      inEdges: [
        '1gnkgm6',
        '51x4qe',
      ],
      outEdges: [],
      title: 'order-service',
      modelRef: 'cloudRun.orderService',
      shape: 'rectangle',
      color: 'springGreen',
      icon: 'tech:spring',
      style: {
        opacity: 40,
        size: 'md',
      },
      description: {
        txt: 'Manages orders, payments, refunds, and transactions. Port 8084.',
      },
      tags: [],
      technology: 'Spring',
      kind: 'spring-boot-server',
      x: 2948,
      y: 1418,
      width: 397,
      height: 180,
      labelBBox: {
        x: 46,
        y: 45,
        width: 336,
        height: 81,
      },
      navigateTo: null,
      links: null,
    },
    {
      id: 'cloudRun.orchestratorService',
      parent: 'cloudRun',
      level: 1,
      children: [],
      inEdges: [
        'osbace',
        '1acqwdy',
      ],
      outEdges: [
        '1l1gsi7',
        '17oncv1',
      ],
      title: 'agent-orchestrator-service',
      modelRef: 'cloudRun.orchestratorService',
      shape: 'rectangle',
      color: 'springGreen',
      icon: 'tech:spring',
      style: {
        opacity: 40,
        size: 'md',
      },
      description: {
        txt: 'Orchestrates AI conversations and product search. Port 8086.',
      },
      tags: [],
      technology: 'Spring',
      kind: 'spring-boot-server',
      x: 3755,
      y: 342,
      width: 388,
      height: 180,
      labelBBox: {
        x: 46,
        y: 45,
        width: 327,
        height: 81,
      },
      navigateTo: null,
      links: null,
    },
    {
      id: 'cloudRun.agentService',
      parent: 'cloudRun',
      level: 1,
      children: [],
      inEdges: [
        '1hf4q7y',
        '1uey9kx',
        '17oncv1',
      ],
      outEdges: [
        '1k4l7mg',
      ],
      title: 'agent-service',
      modelRef: 'cloudRun.agentService',
      shape: 'rectangle',
      color: 'springGreen',
      icon: 'tech:spring',
      style: {
        opacity: 40,
        size: 'md',
      },
      description: {
        txt: 'AI agent intelligence and recommendations via Spring AI + Gemini. Port 8085.',
      },
      tags: [],
      technology: 'Spring',
      kind: 'spring-boot-server',
      x: 4571,
      y: 563,
      width: 376,
      height: 180,
      labelBBox: {
        x: 45,
        y: 37,
        width: 316,
        height: 98,
      },
      navigateTo: null,
      links: null,
    },
    {
      id: 'cloudRun.productService',
      parent: 'cloudRun',
      level: 1,
      children: [],
      inEdges: [
        'okk7zy',
        'mvzteb',
        '1k4l7mg',
        '1l1gsi7',
      ],
      outEdges: [],
      title: 'product-service',
      modelRef: 'cloudRun.productService',
      shape: 'rectangle',
      color: 'springGreen',
      icon: 'tech:spring',
      style: {
        opacity: 40,
        size: 'md',
      },
      description: {
        txt: 'Manages the product catalog and categories with spatial search. Port 8083.',
      },
      tags: [],
      technology: 'Spring',
      kind: 'spring-boot-server',
      x: 2959,
      y: 1128,
      width: 376,
      height: 180,
      labelBBox: {
        x: 45,
        y: 37,
        width: 316,
        height: 98,
      },
      navigateTo: null,
      links: null,
    },
  ],
  edges: [
    {
      id: 'rl6s7n',
      parent: null,
      source: 'frontendRepo',
      target: 'cloudBuild.triggerFrontend',
      label: 'Push triggers build via Cloud Build',
      relations: [
        'vqogt',
      ],
      color: 'gray',
      line: 'dashed',
      head: 'normal',
      points: [
        [
          492,
          290,
        ],
        [
          557,
          319,
        ],
      ],
      labelBBox: {
        x: 272,
        y: 55,
        width: 245,
        height: 18,
      },
      controlPoints: [
        {
          x: 272,
          y: 55,
        },
        {
          x: 345,
          y: 58,
        },
      ],
      isLabelCustomized: false,
      navigateTo: null,
      tags: null,
    },
    {
      id: 'vgkmqz',
      parent: null,
      source: 'microservicesRepo',
      target: 'cloudBuild.triggerUserService',
      label: 'Push (user-service/**) triggers build',
      relations: [
        '1yyh1b8',
      ],
      color: 'gray',
      line: 'dashed',
      head: 'normal',
      points: [
        [
          389,
          1035,
        ],
        [
          530,
          969,
        ],
        [
          720,
          879,
        ],
        [
          855,
          816,
        ],
      ],
      labelBBox: {
        x: 296,
        y: 643,
        width: 254,
        height: 18,
      },
      isLabelCustomized: false,
      controlPoints: [
        {
          x: 429,
          y: 695,
        },
      ],
      navigateTo: null,
      tags: null,
    },
    {
      id: 'f2zlpa',
      parent: null,
      source: 'microservicesRepo',
      target: 'cloudBuild.triggerShopService',
      label: 'Push (shop-service/**) triggers build',
      relations: [
        '12heeqa',
      ],
      color: 'gray',
      line: 'dashed',
      head: 'normal',
      points: [
        [
          392,
          1102,
        ],
        [
          532,
          1086,
        ],
        [
          719,
          1064,
        ],
        [
          853,
          1048,
        ],
      ],
      labelBBox: {
        x: 291,
        y: 844,
        width: 258,
        height: 18,
      },
      isLabelCustomized: false,
      controlPoints: [
        {
          x: 451,
          y: 830,
        },
      ],
      navigateTo: null,
      tags: null,
    },
    {
      id: '6f86q9',
      parent: null,
      source: 'microservicesRepo',
      target: 'cloudBuild.triggerProductService',
      label: 'Push (product-service/**) triggers build',
      relations: [
        '1c56h30',
      ],
      color: 'gray',
      line: 'dashed',
      head: 'normal',
      points: [
        [
          392,
          1171,
        ],
        [
          527,
          1202,
        ],
        [
          706,
          1244,
        ],
        [
          839,
          1275,
        ],
      ],
      labelBBox: {
        x: 279,
        y: 972,
        width: 278,
        height: 18,
      },
      isLabelCustomized: false,
      controlPoints: [
        {
          x: 554,
          y: 971,
        },
      ],
      navigateTo: null,
      tags: null,
    },
    {
      id: '1nau7g4',
      parent: null,
      source: 'microservicesRepo',
      target: 'cloudBuild.triggerOrderService',
      label: 'Push (order-service/**) triggers build',
      relations: [
        '1eymb92',
      ],
      color: 'gray',
      line: 'dashed',
      head: 'normal',
      points: [
        [
          324,
          1215,
        ],
        [
          364,
          1243,
        ],
        [
          409,
          1273,
        ],
        [
          452,
          1299,
        ],
        [
          583,
          1380,
        ],
        [
          737,
          1462,
        ],
        [
          852,
          1522,
        ],
      ],
      labelBBox: {
        x: 289,
        y: 1082,
        width: 260,
        height: 18,
      },
      isLabelCustomized: false,
      controlPoints: [
        {
          x: 211,
          y: 1082,
        },
        {
          x: 485,
          y: 1159,
        },
      ],
      navigateTo: null,
      tags: null,
    },
    {
      id: 'ni3ncz',
      parent: null,
      source: 'microservicesRepo',
      target: 'cloudBuild.triggerAgentService',
      label: 'Push (agent-service/**) triggers build',
      relations: [
        'f83zxc',
      ],
      color: 'gray',
      line: 'dashed',
      head: 'normal',
      points: [
        [
          247,
          1215,
        ],
        [
          295,
          1296,
        ],
        [
          370,
          1414,
        ],
        [
          452,
          1505,
        ],
        [
          568,
          1633,
        ],
        [
          608,
          1656,
        ],
        [
          752,
          1753,
        ],
        [
          782,
          1774,
        ],
        [
          816,
          1794,
        ],
        [
          849,
          1812,
        ],
      ],
      labelBBox: {
        x: 287,
        y: 1272,
        width: 264,
        height: 18,
      },
      isLabelCustomized: false,
      controlPoints: [
        {
          x: 162,
          y: 1184,
        },
        {
          x: 550,
          y: 1441,
        },
        {
          x: 627,
          y: 1471,
        },
      ],
      navigateTo: null,
      tags: null,
    },
    {
      id: 'kl2rlg',
      parent: null,
      source: 'microservicesRepo',
      target: 'cloudBuild.triggerOrchestratorService',
      label: 'Push (agent-orchestrator-service/**) \ntriggers build',
      relations: [
        '4rzugf',
      ],
      color: 'gray',
      line: 'dashed',
      head: 'normal',
      points: [
        [
          266,
          1035,
        ],
        [
          315,
          973,
        ],
        [
          384,
          892,
        ],
        [
          452,
          827,
        ],
        [
          574,
          710,
        ],
        [
          610,
          685,
        ],
        [
          752,
          593,
        ],
        [
          779,
          575,
        ],
        [
          808,
          558,
        ],
        [
          837,
          542,
        ],
      ],
      labelBBox: {
        x: 299,
        y: 333,
        width: 254,
        height: 33,
      },
      isLabelCustomized: false,
      controlPoints: [
        {
          x: 178,
          y: 761,
        },
        {
          x: 423,
          y: 452,
        },
        {
          x: 622,
          y: 260,
        },
      ],
      navigateTo: null,
      tags: null,
    },
    {
      id: 'purwnt',
      parent: null,
      source: 'cloudBuild.triggerFrontend',
      target: 'artifactRegistry.frontendImage',
      label: 'Pushes image to Artifact Registry',
      relations: [
        '1qthamb',
      ],
      color: 'gray',
      line: 'dashed',
      head: 'normal',
      points: [
        [
          1009,
          449,
        ],
        [
          1106,
          449,
        ],
        [
          1231,
          449,
        ],
        [
          1331,
          449,
        ],
      ],
      labelBBox: {
        x: 957,
        y: 123,
        width: 236,
        height: 18,
      },
      isLabelCustomized: false,
      controlPoints: [
        {
          x: 1082,
          y: 174,
        },
      ],
      navigateTo: null,
      tags: null,
    },
    {
      id: '87by2h',
      parent: null,
      source: 'cloudBuild.triggerUserService',
      target: 'artifactRegistry.userServiceImage',
      label: 'Pushes image to Artifact Registry',
      relations: [
        '2ktl5s',
      ],
      color: 'gray',
      line: 'dashed',
      head: 'normal',
      points: [
        [
          1183,
          738,
        ],
        [
          1323,
          738,
        ],
        [
          1528,
          738,
        ],
        [
          1671,
          738,
        ],
      ],
      labelBBox: {
        x: 1205,
        y: 416,
        width: 236,
        height: 18,
      },
      isLabelCustomized: false,
      controlPoints: [
        {
          x: 1340,
          y: 463,
        },
      ],
      navigateTo: null,
      tags: null,
    },
    {
      id: '1ov6c9',
      parent: null,
      source: 'cloudBuild.triggerShopService',
      target: 'artifactRegistry.shopServiceImage',
      label: 'Pushes image to Artifact Registry',
      relations: [
        '1e4gc01',
      ],
      color: 'gray',
      line: 'dashed',
      head: 'normal',
      points: [
        [
          1185,
          1028,
        ],
        [
          1325,
          1028,
        ],
        [
          1528,
          1028,
        ],
        [
          1671,
          1028,
        ],
      ],
      labelBBox: {
        x: 1205,
        y: 706,
        width: 236,
        height: 18,
      },
      isLabelCustomized: false,
      controlPoints: [
        {
          x: 1341,
          y: 753,
        },
      ],
      navigateTo: null,
      tags: null,
    },
    {
      id: '1xk5frt',
      parent: null,
      source: 'cloudBuild.triggerProductService',
      target: 'artifactRegistry.productServiceImage',
      label: 'Pushes image to Artifact Registry',
      relations: [
        'umesxy',
      ],
      color: 'gray',
      line: 'dashed',
      head: 'normal',
      points: [
        [
          1199,
          1318,
        ],
        [
          1334,
          1318,
        ],
        [
          1521,
          1318,
        ],
        [
          1657,
          1318,
        ],
      ],
      labelBBox: {
        x: 1205,
        y: 996,
        width: 236,
        height: 18,
      },
      isLabelCustomized: false,
      controlPoints: [
        {
          x: 1342,
          y: 1043,
        },
      ],
      navigateTo: null,
      tags: null,
    },
    {
      id: '1kdy9sp',
      parent: null,
      source: 'cloudBuild.triggerOrderService',
      target: 'artifactRegistry.orderServiceImage',
      label: 'Pushes image to Artifact Registry',
      relations: [
        'xdzg5j',
      ],
      color: 'gray',
      line: 'dashed',
      head: 'normal',
      points: [
        [
          1186,
          1608,
        ],
        [
          1327,
          1608,
        ],
        [
          1528,
          1608,
        ],
        [
          1670,
          1608,
        ],
      ],
      labelBBox: {
        x: 1205,
        y: 1286,
        width: 236,
        height: 18,
      },
      isLabelCustomized: false,
      controlPoints: [
        {
          x: 1342,
          y: 1333,
        },
      ],
      navigateTo: null,
      tags: null,
    },
    {
      id: '340is9',
      parent: null,
      source: 'cloudBuild.triggerAgentService',
      target: 'artifactRegistry.agentServiceImage',
      label: 'Pushes image to Artifact Registry',
      relations: [
        'g1vmys',
      ],
      color: 'gray',
      line: 'dashed',
      head: 'normal',
      points: [
        [
          1189,
          1898,
        ],
        [
          1328,
          1898,
        ],
        [
          1526,
          1898,
        ],
        [
          1667,
          1898,
        ],
      ],
      labelBBox: {
        x: 1205,
        y: 1576,
        width: 236,
        height: 18,
      },
      isLabelCustomized: false,
      controlPoints: [
        {
          x: 1342,
          y: 1623,
        },
      ],
      navigateTo: null,
      tags: null,
    },
    {
      id: '163d4m1',
      parent: null,
      source: 'cloudBuild.triggerOrchestratorService',
      target: 'artifactRegistry.orchestratorServiceImage',
      label: 'Pushes image to Artifact Registry',
      relations: [
        'ax68at',
      ],
      color: 'gray',
      line: 'dashed',
      head: 'normal',
      points: [
        [
          1253,
          481,
        ],
        [
          1356,
          483,
        ],
        [
          1471,
          465,
        ],
        [
          1551,
          394,
        ],
        [
          1582,
          366,
        ],
        [
          1546,
          336,
        ],
        [
          1571,
          303,
        ],
        [
          1587,
          282,
        ],
        [
          1607,
          263,
        ],
        [
          1629,
          247,
        ],
      ],
      labelBBox: {
        x: 1203,
        y: 68,
        width: 236,
        height: 18,
      },
      isLabelCustomized: false,
      controlPoints: [
        {
          x: 1312,
          y: 169,
        },
        {
          x: 1500,
          y: 95,
        },
        {
          x: 1547,
          y: 33,
        },
      ],
      navigateTo: null,
      tags: null,
    },
    {
      id: 'l347y7',
      parent: null,
      source: 'artifactRegistry.frontendImage',
      target: 'cloudRun.frontendApp',
      label: 'Cloud Run deploys from Artifact Registry',
      relations: [
        'x4xmek',
      ],
      color: 'gray',
      line: 'dashed',
      head: 'normal',
      points: [
        [
          1662,
          452,
        ],
        [
          1772,
          454,
        ],
        [
          1917,
          457,
        ],
        [
          2031,
          459,
        ],
      ],
      labelBBox: {
        x: 1837,
        y: 262,
        width: 288,
        height: 18,
      },
      controlPoints: [
        {
          x: 1996,
          y: 287,
        },
      ],
      isLabelCustomized: false,
      navigateTo: null,
      tags: null,
    },
    {
      id: '1o8o4da',
      parent: null,
      source: 'artifactRegistry.userServiceImage',
      target: 'cloudRun.userService',
      label: 'Cloud Run deploys from Artifact Registry',
      relations: [
        '3gwqbw',
      ],
      color: 'gray',
      line: 'dashed',
      head: 'normal',
      points: [
        [
          1999,
          745,
        ],
        [
          2132,
          750,
        ],
        [
          2323,
          758,
        ],
        [
          2468,
          764,
        ],
      ],
      labelBBox: {
        x: 2291,
        y: 564,
        width: 288,
        height: 18,
      },
      isLabelCustomized: false,
      controlPoints: [
        {
          x: 2728,
          y: 612,
        },
      ],
      navigateTo: null,
      tags: null,
    },
    {
      id: '1ppy7op',
      parent: 'cloudRun',
      source: 'cloudRun.frontendApp',
      target: 'cloudRun.userService',
      label: 'REST - auth and profiles',
      relations: [
        '17fgh42',
      ],
      color: 'gray',
      line: 'dashed',
      head: 'normal',
      points: [
        [
          2853,
          461,
        ],
        [
          2901,
          490,
        ],
      ],
      labelBBox: {
        x: 2853,
        y: 461,
        width: 173,
        height: 18,
      },
      controlPoints: [
        {
          x: 2853,
          y: 461,
        },
        {
          x: 2901,
          y: 490,
        },
      ],
      isLabelCustomized: false,
      navigateTo: null,
      tags: null,
    },
    {
      id: 'y2wyse',
      parent: null,
      source: 'artifactRegistry.shopServiceImage',
      target: 'cloudRun.shopService',
      label: 'Cloud Run deploys from Artifact Registry',
      relations: [
        '1wwc2cm',
      ],
      color: 'gray',
      line: 'dashed',
      head: 'normal',
      points: [
        [
          1999,
          1035,
        ],
        [
          2135,
          1040,
        ],
        [
          2331,
          1048,
        ],
        [
          2477,
          1054,
        ],
      ],
      labelBBox: {
        x: 2291,
        y: 854,
        width: 288,
        height: 18,
      },
      isLabelCustomized: false,
      controlPoints: [
        {
          x: 2460,
          y: 885,
        },
      ],
      navigateTo: null,
      tags: null,
    },
    {
      id: '35cdss',
      parent: 'cloudRun',
      source: 'cloudRun.frontendApp',
      target: 'cloudRun.shopService',
      label: 'REST - store locator',
      relations: [
        '1pt634o',
      ],
      color: 'gray',
      line: 'dashed',
      head: 'normal',
      points: [
        [
          2839,
          577,
        ],
        [
          2915,
          664,
        ],
      ],
      labelBBox: {
        x: 2839,
        y: 577,
        width: 141,
        height: 18,
      },
      controlPoints: [
        {
          x: 2839,
          y: 577,
        },
        {
          x: 2915,
          y: 664,
        },
      ],
      isLabelCustomized: false,
      navigateTo: null,
      tags: null,
    },
    {
      id: 'okk7zy',
      parent: null,
      source: 'artifactRegistry.productServiceImage',
      target: 'cloudRun.productService',
      label: 'Cloud Run deploys from Artifact Registry',
      relations: [
        '1wr6z8n',
      ],
      color: 'gray',
      line: 'dashed',
      head: 'normal',
      points: [
        [
          2012,
          1325,
        ],
        [
          2148,
          1331,
        ],
        [
          2337,
          1338,
        ],
        [
          2478,
          1344,
        ],
      ],
      labelBBox: {
        x: 2290,
        y: 1144,
        width: 288,
        height: 18,
      },
      isLabelCustomized: false,
      controlPoints: [
        {
          x: 2510,
          y: 1178,
        },
      ],
      navigateTo: null,
      tags: null,
    },
    {
      id: 'mvzteb',
      parent: 'cloudRun',
      source: 'cloudRun.frontendApp',
      target: 'cloudRun.productService',
      label: 'REST - catalog and search',
      relations: [
        '15aevhy',
      ],
      color: 'gray',
      line: 'dashed',
      head: 'normal',
      points: [
        [
          2834,
          693,
        ],
        [
          2920,
          838,
        ],
      ],
      labelBBox: {
        x: 2834,
        y: 693,
        width: 186,
        height: 18,
      },
      controlPoints: [
        {
          x: 2834,
          y: 693,
        },
        {
          x: 2920,
          y: 838,
        },
      ],
      isLabelCustomized: false,
      navigateTo: null,
      tags: null,
    },
    {
      id: '1gnkgm6',
      parent: null,
      source: 'artifactRegistry.orderServiceImage',
      target: 'cloudRun.orderService',
      label: 'Cloud Run deploys from Artifact Registry',
      relations: [
        '1o8osh0',
      ],
      color: 'gray',
      line: 'dashed',
      head: 'normal',
      points: [
        [
          2000,
          1615,
        ],
        [
          2133,
          1620,
        ],
        [
          2324,
          1628,
        ],
        [
          2468,
          1634,
        ],
      ],
      labelBBox: {
        x: 2291,
        y: 1434,
        width: 288,
        height: 18,
      },
      isLabelCustomized: false,
      controlPoints: [
        {
          x: 2778,
          y: 1484,
        },
      ],
      navigateTo: null,
      tags: null,
    },
    {
      id: '51x4qe',
      parent: 'cloudRun',
      source: 'cloudRun.frontendApp',
      target: 'cloudRun.orderService',
      label: 'REST - orders and checkout',
      relations: [
        '1doej2j',
      ],
      color: 'gray',
      line: 'dashed',
      head: 'normal',
      points: [
        [
          2831,
          809,
        ],
        [
          2923,
          1012,
        ],
      ],
      labelBBox: {
        x: 2831,
        y: 809,
        width: 197,
        height: 18,
      },
      controlPoints: [
        {
          x: 2831,
          y: 809,
        },
        {
          x: 2923,
          y: 1012,
        },
      ],
      isLabelCustomized: false,
      navigateTo: null,
      tags: null,
    },
    {
      id: '1hf4q7y',
      parent: null,
      source: 'artifactRegistry.agentServiceImage',
      target: 'cloudRun.agentService',
      label: 'Cloud Run deploys from Artifact Registry',
      relations: [
        '4jsrtx',
      ],
      color: 'gray',
      line: 'dashed',
      head: 'normal',
      points: [
        [
          2003,
          1904,
        ],
        [
          2211,
          1906,
        ],
        [
          2580,
          1893,
        ],
        [
          2873,
          1787,
        ],
        [
          3436,
          1584,
        ],
        [
          3978,
          1091,
        ],
        [
          4191,
          883,
        ],
      ],
      labelBBox: {
        x: 3134,
        y: 1445,
        width: 288,
        height: 18,
      },
      isLabelCustomized: false,
      controlPoints: [
        {
          x: 2504,
          y: 1714,
        },
        {
          x: 3998,
          y: 1187,
        },
      ],
      navigateTo: null,
      tags: null,
    },
    {
      id: '1uey9kx',
      parent: 'cloudRun',
      source: 'cloudRun.frontendApp',
      target: 'cloudRun.agentService',
      label: 'REST - recommendations',
      relations: [
        '1xlbtct',
      ],
      color: 'gray',
      line: 'dashed',
      head: 'normal',
      points: [
        [
          3503,
          454,
        ],
        [
          3859,
          510,
        ],
      ],
      labelBBox: {
        x: 3503,
        y: 454,
        width: 179,
        height: 18,
      },
      controlPoints: [
        {
          x: 3503,
          y: 454,
        },
        {
          x: 3859,
          y: 510,
        },
      ],
      isLabelCustomized: false,
      navigateTo: null,
      tags: null,
    },
    {
      id: '1k4l7mg',
      parent: 'cloudRun',
      source: 'cloudRun.agentService',
      target: 'cloudRun.productService',
      label: 'REST - product search tools',
      relations: [
        '1auefwg',
      ],
      color: 'gray',
      line: 'dashed',
      head: 'normal',
      points: [
        [
          4570,
          723,
        ],
        [
          4358,
          801,
        ],
        [
          4003,
          931,
        ],
        [
          3695,
          1037,
        ],
        [
          3578,
          1077,
        ],
        [
          3447,
          1121,
        ],
        [
          3342,
          1155,
        ],
      ],
      labelBBox: {
        x: 3851,
        y: 860,
        width: 196,
        height: 18,
      },
      isLabelCustomized: false,
      controlPoints: [
        {
          x: 4168,
          y: 869,
        },
        {
          x: 3514,
          y: 1098,
        },
      ],
      navigateTo: null,
      tags: null,
    },
    {
      id: 'osbace',
      parent: null,
      source: 'artifactRegistry.orchestratorServiceImage',
      target: 'cloudRun.orchestratorService',
      label: 'Cloud Run deploys from Artifact Registry',
      relations: [
        '3oig6a',
      ],
      color: 'gray',
      line: 'dashed',
      head: 'normal',
      points: [
        [
          2066,
          150,
        ],
        [
          2278,
          148,
        ],
        [
          2602,
          158,
        ],
        [
          2873,
          227,
        ],
        [
          3054,
          273,
        ],
        [
          3238,
          388,
        ],
        [
          3354,
          471,
        ],
      ],
      labelBBox: {
        x: 2717,
        y: -20,
        width: 288,
        height: 18,
      },
      isLabelCustomized: false,
      controlPoints: [
        {
          x: 2612,
          y: -1,
        },
        {
          x: 3498,
          y: 190,
        },
      ],
      navigateTo: null,
      tags: null,
    },
    {
      id: '1acqwdy',
      parent: 'cloudRun',
      source: 'cloudRun.frontendApp',
      target: 'cloudRun.orchestratorService',
      label: 'REST - AI chat and product search',
      relations: [
        '14rilpl',
      ],
      color: 'gray',
      line: 'dashed',
      head: 'normal',
      points: [
        [
          3177,
          363,
        ],
        [
          3369,
          380,
        ],
      ],
      labelBBox: {
        x: 3177,
        y: 363,
        width: 242,
        height: 18,
      },
      controlPoints: [
        {
          x: 3177,
          y: 363,
        },
        {
          x: 3369,
          y: 380,
        },
      ],
      isLabelCustomized: false,
      navigateTo: null,
      tags: null,
    },
    {
      id: '1l1gsi7',
      parent: 'cloudRun',
      source: 'cloudRun.orchestratorService',
      target: 'cloudRun.productService',
      label: 'REST - /products/* search',
      relations: [
        '9t01yu',
      ],
      color: 'gray',
      line: 'dashed',
      head: 'normal',
      points: [
        [
          3843,
          522,
        ],
        [
          3814,
          548,
        ],
        [
          3783,
          577,
        ],
        [
          3755,
          605,
        ],
        [
          3561,
          802,
        ],
        [
          3549,
          886,
        ],
        [
          3345,
          1073,
        ],
        [
          3326,
          1090,
        ],
        [
          3306,
          1107,
        ],
        [
          3285,
          1123,
        ],
      ],
      labelBBox: {
        x: 3459,
        y: 650,
        width: 182,
        height: 18,
      },
      isLabelCustomized: false,
      controlPoints: [
        {
          x: 3798,
          y: 562,
        },
        {
          x: 3567,
          y: 825,
        },
        {
          x: 3315,
          y: 1098,
        },
      ],
      navigateTo: null,
      tags: null,
    },
    {
      id: '17oncv1',
      parent: 'cloudRun',
      source: 'cloudRun.orchestratorService',
      target: 'cloudRun.agentService',
      label: 'REST - /agent/* chat and recommendations',
      relations: [
        'n5zmmb',
      ],
      color: 'gray',
      line: 'dashed',
      head: 'normal',
      points: [
        [
          4143,
          485,
        ],
        [
          4270,
          520,
        ],
        [
          4435,
          565,
        ],
        [
          4562,
          600,
        ],
      ],
      labelBBox: {
        x: 4205,
        y: 482,
        width: 305,
        height: 18,
      },
      isLabelCustomized: false,
      controlPoints: [
        {
          x: 4352,
          y: 542,
        },
      ],
      navigateTo: null,
      tags: null,
    },
  ],
  _layout: 'manual',
}
