{
  _type: 'element',
  tags: null,
  links: null,
  _stage: 'layouted',
  sourcePath: 'main.c4',
  description: null,
  title: 'System Context - CI-CD Pipeline',
  id: 'systemContext',
  autoLayout: {
    direction: 'LR',
  },
  hash: '5J1zWlMuPj8MswGM2XB_NhvZ-JIJ0xcNwOMOg7Fe_lk',
  bounds: {
    x: 1583,
    y: -103,
    width: 1858,
    height: 1316,
  },
  nodes: [
    {
      id: 'githubRepo',
      parent: null,
      level: 0,
      children: [],
      inEdges: [],
      outEdges: [
        '1tqy6v4',
      ],
      title: 'GitHub',
      modelRef: 'githubRepo',
      shape: 'rectangle',
      color: 'githubPurple',
      icon: 'tech:github',
      style: {
        opacity: 15,
        size: 'md',
      },
      description: {
        txt: 'Source code repositories for all services and frontend.',
      },
      tags: [],
      technology: 'Github',
      kind: 'github',
      x: 1608,
      y: -83,
      width: 355,
      height: 180,
      labelBBox: {
        x: 45,
        y: 45,
        width: 295,
        height: 81,
      },
      navigateTo: null,
      links: null,
    },
    {
      id: 'cloudBuild',
      parent: null,
      level: 0,
      children: [],
      inEdges: [
        '1tqy6v4',
      ],
      outEdges: [
        'rcfoee',
      ],
      title: 'Cloud Build',
      modelRef: 'cloudBuild',
      shape: 'rectangle',
      color: 'gcpBlue',
      icon: 'gcp:cloud-build',
      style: {
        opacity: 15,
        size: 'md',
      },
      description: {
        txt: 'CI-CD pipeline — builds Docker images and pushes to Artifact Registry.',
      },
      tags: [],
      technology: 'Cloud Build',
      kind: 'gcp-cloud-build',
      x: 1607,
      y: 247,
      width: 357,
      height: 180,
      labelBBox: {
        x: 46,
        y: 37,
        width: 297,
        height: 98,
      },
      navigateTo: null,
      links: null,
    },
    {
      id: 'artifactRegistry',
      parent: null,
      level: 0,
      children: [],
      inEdges: [
        'rcfoee',
      ],
      outEdges: [
        'i3nfix',
      ],
      title: 'Artifact Registry',
      modelRef: 'artifactRegistry',
      shape: 'cylinder',
      color: 'gcpBlue',
      icon: 'gcp:artifact-registry',
      style: {
        opacity: 15,
        size: 'md',
      },
      description: {
        txt: 'Docker image registry — stores built container images for Cloud Run deployment.',
      },
      tags: [],
      technology: 'Artifact Registry',
      kind: 'gcp-artifact-registry',
      x: 1603,
      y: 578,
      width: 365,
      height: 180,
      labelBBox: {
        x: 46,
        y: 37,
        width: 305,
        height: 98,
      },
      navigateTo: null,
      links: null,
    },
    {
      id: 'cloudRun',
      parent: null,
      level: 0,
      children: [],
      inEdges: [
        'i3nfix',
      ],
      outEdges: [
        'qu5fmi',
        'v0otef',
        '1e3dxgs',
        '1e3dxgv',
      ],
      title: 'GCP Cloud Run',
      modelRef: 'cloudRun',
      shape: 'rectangle',
      color: 'gcpBlue',
      icon: 'gcp:cloud-run',
      style: {
        opacity: 15,
        size: 'md',
      },
      description: {
        txt: 'Microservices-based retail platform powered by Agentic AI.',
      },
      tags: [],
      technology: 'Cloud Run',
      kind: 'gcp-cloud-run',
      x: 2333,
      y: 578,
      width: 388,
      height: 180,
      labelBBox: {
        x: 46,
        y: 45,
        width: 327,
        height: 81,
      },
      navigateTo: null,
      links: null,
    },
    {
      id: 'cloudStorage',
      parent: null,
      level: 0,
      children: [],
      inEdges: [
        'qu5fmi',
      ],
      outEdges: [],
      title: 'GCP Cloud Storage',
      modelRef: 'cloudStorage',
      shape: 'bucket',
      color: 'gcpBlue',
      icon: 'gcp:cloud-storage',
      style: {
        opacity: 15,
        size: 'md',
      },
      description: {
        txt: 'Object storage bucket for media, documents, and AI artifacts.',
      },
      tags: [],
      technology: 'Cloud Storage',
      kind: 'gcp-bucket',
      x: 3041,
      y: 143,
      width: 371,
      height: 180,
      labelBBox: {
        x: 46,
        y: 45,
        width: 310,
        height: 81,
      },
      navigateTo: null,
      links: null,
    },
    {
      id: 'secretManager',
      parent: null,
      level: 0,
      children: [],
      inEdges: [
        'v0otef',
      ],
      outEdges: [],
      title: 'GCP Secret Manager',
      modelRef: 'secretManager',
      shape: 'document',
      color: 'gcpBlue',
      icon: 'gcp:secret-manager',
      style: {
        opacity: 15,
        size: 'md',
      },
      description: {
        txt: 'Stores credentials, database passwords, and AI API keys.',
      },
      tags: [],
      technology: 'Secret Manager',
      kind: 'gcp-secret-manager',
      x: 3058,
      y: 433,
      width: 337,
      height: 180,
      labelBBox: {
        x: 45,
        y: 45,
        width: 277,
        height: 81,
      },
      navigateTo: null,
      links: null,
    },
    {
      id: 'cloudSqlA',
      parent: null,
      level: 0,
      children: [],
      inEdges: [
        '1e3dxgs',
      ],
      outEdges: [],
      title: 'Core DB',
      modelRef: 'cloudSqlA',
      shape: 'cylinder',
      color: 'gcpBlue',
      icon: 'gcp:cloud-sql',
      style: {
        opacity: 15,
        size: 'md',
      },
      description: {
        txt: 'Relational database for orders, products, and user accounts.',
      },
      tags: [],
      technology: 'Cloud Sql',
      kind: 'gcp-cloud-sql',
      x: 3049,
      y: 723,
      width: 354,
      height: 180,
      labelBBox: {
        x: 45,
        y: 45,
        width: 293,
        height: 81,
      },
      navigateTo: null,
      links: null,
    },
    {
      id: 'cloudSqlB',
      parent: null,
      level: 0,
      children: [],
      inEdges: [
        '1e3dxgv',
      ],
      outEdges: [],
      title: 'Agent DB',
      modelRef: 'cloudSqlB',
      shape: 'cylinder',
      color: 'gcpBlue',
      icon: 'gcp:cloud-sql',
      style: {
        opacity: 15,
        size: 'md',
      },
      description: {
        txt: 'Relational database for agent logs, workflows, memory, and task state.',
      },
      tags: [],
      technology: 'Cloud Sql',
      kind: 'gcp-cloud-sql',
      x: 3032,
      y: 1013,
      width: 389,
      height: 180,
      labelBBox: {
        x: 46,
        y: 45,
        width: 328,
        height: 81,
      },
      navigateTo: null,
      links: null,
    },
  ],
  edges: [
    {
      id: 'qu5fmi',
      source: 'cloudRun',
      target: 'cloudStorage',
      label: '[...]',
      points: [
        [
          2333,
          602,
        ],
        [
          2313,
          596,
        ],
        [
          2293,
          591,
        ],
        [
          2273,
          587,
        ],
        [
          1589,
          443,
        ],
        [
          757,
          398,
        ],
        [
          388,
          385,
        ],
      ],
      labelBBox: {
        x: 2836,
        y: 476,
        width: 34,
        height: 18,
      },
      parent: null,
      relations: [
        '1g2vouy',
        '11nnck6',
      ],
      color: 'gray',
      line: 'dashed',
      head: 'normal',
      isLabelCustomized: false,
      controlPoints: [
        {
          x: 2836,
          y: 476,
        },
        {
          x: 2918,
          y: 425,
        },
      ],
      navigateTo: null,
      tags: null,
    },
    {
      id: 'v0otef',
      source: 'cloudRun',
      target: 'secretManager',
      label: '[...]',
      points: [
        [
          2333,
          670,
        ],
        [
          1888,
          670,
        ],
        [
          798,
          670,
        ],
        [
          371,
          670,
        ],
      ],
      labelBBox: {
        x: 2856,
        y: 600,
        width: 34,
        height: 18,
      },
      parent: null,
      relations: [
        'd1dzdi',
        '1qplttv',
      ],
      color: 'gray',
      line: 'dashed',
      head: 'normal',
      isLabelCustomized: false,
      controlPoints: [
        {
          x: 2856,
          y: 600,
        },
        {
          x: 2924,
          y: 586,
        },
      ],
      navigateTo: null,
      tags: null,
    },
    {
      id: '1e3dxgs',
      source: 'cloudRun',
      target: 'cloudSqlA',
      label: 'Reads/Writes transactional data via JDBC',
      points: [
        [
          2333,
          694,
        ],
        [
          1891,
          749,
        ],
        [
          812,
          883,
        ],
        [
          379,
          937,
        ],
      ],
      labelBBox: {
        x: 2852,
        y: 735,
        width: 288,
        height: 18,
      },
      parent: null,
      relations: [
        'v5pey7',
      ],
      color: 'gray',
      line: 'dashed',
      head: 'normal',
      isLabelCustomized: false,
      controlPoints: [
        {
          x: 2852,
          y: 735,
        },
        {
          x: 2918,
          y: 749,
        },
      ],
      navigateTo: null,
      tags: null,
    },
    {
      id: '1e3dxgv',
      source: 'cloudRun',
      target: 'cloudSqlB',
      label: 'Stores agent execution logs, memory, and \ntask history via JDBC',
      points: [
        [
          2333,
          744,
        ],
        [
          2313,
          751,
        ],
        [
          2293,
          757,
        ],
        [
          2273,
          763,
        ],
        [
          1594,
          967,
        ],
        [
          770,
          1138,
        ],
        [
          396,
          1211,
        ],
      ],
      labelBBox: {
        x: 2836,
        y: 860,
        width: 299,
        height: 33,
      },
      parent: null,
      relations: [
        'bdzste',
      ],
      color: 'gray',
      line: 'dashed',
      head: 'normal',
      isLabelCustomized: false,
      controlPoints: [
        {
          x: 2836,
          y: 860,
        },
        {
          x: 2918,
          y: 911,
        },
      ],
      navigateTo: null,
      tags: null,
    },
    {
      id: 'i3nfix',
      source: 'artifactRegistry',
      target: 'cloudRun',
      label: 'Cloud Run deploys from Artifact Registry',
      points: [
        [
          1923,
          150,
        ],
        [
          2033,
          176,
        ],
        [
          2171,
          220,
        ],
        [
          2273,
          298,
        ],
        [
          2369,
          371,
        ],
        [
          2440,
          490,
        ],
        [
          2483,
          574,
        ],
      ],
      labelBBox: {
        x: 2114,
        y: 668,
        width: 288,
        height: 18,
      },
      parent: null,
      relations: [
        '3fxmmu',
        'lis8su',
        '9u8zxy',
      ],
      color: 'gray',
      line: 'dashed',
      head: 'normal',
      isLabelCustomized: false,
      controlPoints: [
        {
          x: 2114,
          y: 668,
        },
        {
          x: 2187,
          y: 668,
        },
      ],
      navigateTo: null,
      tags: null,
    },
    {
      id: '1tqy6v4',
      source: 'githubRepo',
      target: 'cloudBuild',
      label: 'Push triggers build via Cloud Build v2',
      points: [
        [
          381,
          91,
        ],
        [
          500,
          92,
        ],
        [
          657,
          92,
        ],
        [
          778,
          93,
        ],
      ],
      labelBBox: {
        x: 1786,
        y: 157,
        width: 267,
        height: 18,
      },
      parent: null,
      relations: [
        '19te2eg',
        '17ykah8',
        'm18ch0',
      ],
      color: 'gray',
      line: 'dashed',
      head: 'normal',
      isLabelCustomized: false,
      controlPoints: [
        {
          x: 1786,
          y: 157,
        },
        {
          x: 1786,
          y: 187,
        },
      ],
      navigateTo: null,
      tags: null,
    },
    {
      id: 'rcfoee',
      source: 'cloudBuild',
      target: 'artifactRegistry',
      label: 'Pushes image to Artifact Registry',
      points: [
        [
          1137,
          101,
        ],
        [
          1260,
          105,
        ],
        [
          1424,
          110,
        ],
        [
          1550,
          114,
        ],
      ],
      labelBBox: {
        x: 1786,
        y: 487,
        width: 236,
        height: 18,
      },
      parent: null,
      relations: [
        'ucobnq',
        'ljikdj',
        '16bcbs8',
      ],
      color: 'gray',
      line: 'dashed',
      head: 'normal',
      isLabelCustomized: false,
      controlPoints: [
        {
          x: 1786,
          y: 487,
        },
        {
          x: 1786,
          y: 518,
        },
      ],
      navigateTo: null,
      tags: null,
    },
  ],
  _layout: 'manual',
}
